  Determining projects to restore...
  All projects are up-to-date for restore.
C:\Users\quint\Github Hauwei\QMUSICSLSK\Views\MainViewModel.cs(250,27): error CS0246: The type or namespace name 'TrackUpdatedEvent' could not be found (are you missing a using directive or an assembly reference?) [C:\Users\quint\Github Hauwei\QMUSICSLSK\SLSKDONET.csproj]
C:\Users\quint\Github Hauwei\QMUSICSLSK\Views\MainViewModel.cs(250,65): error CS0103: The name 'OnTrackUpdated' does not exist in the current context [C:\Users\quint\Github Hauwei\QMUSICSLSK\SLSKDONET.csproj]
C:\Users\quint\Github Hauwei\QMUSICSLSK\Views\MainViewModel.cs(251,27): error CS0246: The type or namespace name 'SoulseekStateChangedEvent' could not be found (are you missing a using directive or an assembly reference?) [C:\Users\quint\Github Hauwei\QMUSICSLSK\SLSKDONET.csproj]
C:\Users\quint\Github Hauwei\QMUSICSLSK\Views\MainViewModel.cs(251,73): error CS0103: The name 'HandleStateChange' does not exist in the current context [C:\Users\quint\Github Hauwei\QMUSICSLSK\SLSKDONET.csproj]
C:\Users\quint\Github Hauwei\QMUSICSLSK\Views\MainViewModel.cs(253,9): error CS0103: The name '_downloadManager' does not exist in the current context [C:\Users\quint\Github Hauwei\QMUSICSLSK\SLSKDONET.csproj]
C:\Users\quint\Github Hauwei\QMUSICSLSK\Views\MainViewModel.cs(207,12): warning CS8618: Non-nullable property 'SettingsViewModel' must contain a non-null value when exiting constructor. Consider adding the 'required' modifier or declaring the property as nullable. [C:\Users\quint\Github Hauwei\QMUSICSLSK\SLSKDONET.csproj]
C:\Users\quint\Github Hauwei\QMUSICSLSK\ViewModels\SettingsViewModel.cs(31,16): warning CS8603: Possible null reference return. [C:\Users\quint\Github Hauwei\QMUSICSLSK\SLSKDONET.csproj]
C:\Users\quint\Github Hauwei\QMUSICSLSK\ViewModels\SettingsViewModel.cs(85,16): warning CS8603: Possible null reference return. [C:\Users\quint\Github Hauwei\QMUSICSLSK\SLSKDONET.csproj]
C:\Users\quint\Github Hauwei\QMUSICSLSK\ViewModels\SettingsViewModel.cs(91,16): warning CS8603: Possible null reference return. [C:\Users\quint\Github Hauwei\QMUSICSLSK\SLSKDONET.csproj]
C:\Users\quint\Github Hauwei\QMUSICSLSK\Services\SoulseekAdapter.cs(60,78): warning CS8604: Possible null reference argument for parameter 'Username' in 'SoulseekConnectionStatusEvent.SoulseekConnectionStatusEvent(string Status, string Username)'. [C:\Users\quint\Github Hauwei\QMUSICSLSK\SLSKDONET.csproj]
C:\Users\quint\Github Hauwei\QMUSICSLSK\ViewModels\SearchViewModel.cs(156,32): error CS0103: The name '_searchOrchestration' does not exist in the current context [C:\Users\quint\Github Hauwei\QMUSICSLSK\SLSKDONET.csproj]
C:\Users\quint\Github Hauwei\QMUSICSLSK\ViewModels\SearchViewModel.cs(158,17): error CS0103: The name 'PreferredFormats' does not exist in the current context [C:\Users\quint\Github Hauwei\QMUSICSLSK\SLSKDONET.csproj]
C:\Users\quint\Github Hauwei\QMUSICSLSK\ViewModels\SearchResult.cs(17,29): warning CS8603: Possible null reference return. [C:\Users\quint\Github Hauwei\QMUSICSLSK\SLSKDONET.csproj]
C:\Users\quint\Github Hauwei\QMUSICSLSK\ViewModels\SearchResult.cs(18,28): warning CS8603: Possible null reference return. [C:\Users\quint\Github Hauwei\QMUSICSLSK\SLSKDONET.csproj]
C:\Users\quint\Github Hauwei\QMUSICSLSK\ViewModels\SearchResult.cs(19,28): warning CS8603: Possible null reference return. [C:\Users\quint\Github Hauwei\QMUSICSLSK\SLSKDONET.csproj]
C:\Users\quint\Github Hauwei\QMUSICSLSK\ViewModels\SearchResult.cs(22,31): warning CS8603: Possible null reference return. [C:\Users\quint\Github Hauwei\QMUSICSLSK\SLSKDONET.csproj]
C:\Users\quint\Github Hauwei\QMUSICSLSK\ViewModels\ConnectionViewModel.cs(106,19): error CS1061: 'SoulseekAdapter' does not contain a definition for 'EventBus' and no accessible extension method 'EventBus' accepting a first argument of type 'SoulseekAdapter' could be found (are you missing a using directive or an assembly reference?) [C:\Users\quint\Github Hauwei\QMUSICSLSK\SLSKDONET.csproj]
C:\Users\quint\Github Hauwei\QMUSICSLSK\ViewModels\Library\ProjectListViewModel.cs(123,25): error CS1061: 'ILibraryService' does not contain a definition for 'PlaylistAdded' and no accessible extension method 'PlaylistAdded' accepting a first argument of type 'ILibraryService' could be found (are you missing a using directive or an assembly reference?) [C:\Users\quint\Github Hauwei\QMUSICSLSK\SLSKDONET.csproj]
C:\Users\quint\Github Hauwei\QMUSICSLSK\ViewModels\Library\ProjectListViewModel.cs(124,26): error CS1061: 'DownloadManager' does not contain a definition for 'ProjectUpdated' and no accessible extension method 'ProjectUpdated' accepting a first argument of type 'DownloadManager' could be found (are you missing a using directive or an assembly reference?) [C:\Users\quint\Github Hauwei\QMUSICSLSK\SLSKDONET.csproj]
C:\Users\quint\Github Hauwei\QMUSICSLSK\ViewModels\Library\ProjectListViewModel.cs(125,25): error CS1061: 'ILibraryService' does not contain a definition for 'ProjectDeleted' and no accessible extension method 'ProjectDeleted' accepting a first argument of type 'ILibraryService' could be found (are you missing a using directive or an assembly reference?) [C:\Users\quint\Github Hauwei\QMUSICSLSK\SLSKDONET.csproj]
C:\Users\quint\Github Hauwei\QMUSICSLSK\ViewModels\Library\TrackListViewModel.cs(129,26): error CS1061: 'DownloadManager' does not contain a definition for 'TrackUpdated' and no accessible extension method 'TrackUpdated' accepting a first argument of type 'DownloadManager' could be found (are you missing a using directive or an assembly reference?) [C:\Users\quint\Github Hauwei\QMUSICSLSK\SLSKDONET.csproj]
C:\Users\quint\Github Hauwei\QMUSICSLSK\ViewModels\Library\ProjectListViewModel.cs(219,30): warning CS8601: Possible null reference assignment. [C:\Users\quint\Github Hauwei\QMUSICSLSK\SLSKDONET.csproj]
C:\Users\quint\Github Hauwei\QMUSICSLSK\ViewModels\Library\ProjectListViewModel.cs(220,29): warning CS8601: Possible null reference assignment. [C:\Users\quint\Github Hauwei\QMUSICSLSK\SLSKDONET.csproj]
C:\Users\quint\Github Hauwei\QMUSICSLSK\ViewModels\Library\ProjectListViewModel.cs(221,29): warning CS8601: Possible null reference assignment. [C:\Users\quint\Github Hauwei\QMUSICSLSK\SLSKDONET.csproj]
C:\Users\quint\Github Hauwei\QMUSICSLSK\Services\LibraryService.cs(176,13): error CS0103: The name 'PlaylistAdded' does not exist in the current context [C:\Users\quint\Github Hauwei\QMUSICSLSK\SLSKDONET.csproj]
C:\Users\quint\Github Hauwei\QMUSICSLSK\Services\LibraryService.cs(193,13): error CS0103: The name 'PlaylistAdded' does not exist in the current context [C:\Users\quint\Github Hauwei\QMUSICSLSK\SLSKDONET.csproj]
C:\Users\quint\Github Hauwei\QMUSICSLSK\Services\LibraryService.cs(212,13): error CS0103: The name 'Dispatcher' does not exist in the current context [C:\Users\quint\Github Hauwei\QMUSICSLSK\SLSKDONET.csproj]
C:\Users\quint\Github Hauwei\QMUSICSLSK\Services\DatabaseService.cs(209,49): warning EF1002: Method 'ExecuteSqlRawAsync' inserts interpolated strings directly into the SQL, without any protection against SQL injection. Consider using 'ExecuteSqlAsync' instead, which protects against SQL injection, or make sure that the value is sanitized and suppress the warning. [C:\Users\quint\Github Hauwei\QMUSICSLSK\SLSKDONET.csproj]
C:\Users\quint\Github Hauwei\QMUSICSLSK\Services\DatabaseService.cs(246,49): warning EF1002: Method 'ExecuteSqlRawAsync' inserts interpolated strings directly into the SQL, without any protection against SQL injection. Consider using 'ExecuteSqlAsync' instead, which protects against SQL injection, or make sure that the value is sanitized and suppress the warning. [C:\Users\quint\Github Hauwei\QMUSICSLSK\SLSKDONET.csproj]

Build FAILED.

C:\Users\quint\Github Hauwei\QMUSICSLSK\Views\MainViewModel.cs(207,12): warning CS8618: Non-nullable property 'SettingsViewModel' must contain a non-null value when exiting constructor. Consider adding the 'required' modifier or declaring the property as nullable. [C:\Users\quint\Github Hauwei\QMUSICSLSK\SLSKDONET.csproj]
C:\Users\quint\Github Hauwei\QMUSICSLSK\ViewModels\SettingsViewModel.cs(31,16): warning CS8603: Possible null reference return. [C:\Users\quint\Github Hauwei\QMUSICSLSK\SLSKDONET.csproj]
C:\Users\quint\Github Hauwei\QMUSICSLSK\ViewModels\SettingsViewModel.cs(85,16): warning CS8603: Possible null reference return. [C:\Users\quint\Github Hauwei\QMUSICSLSK\SLSKDONET.csproj]
C:\Users\quint\Github Hauwei\QMUSICSLSK\ViewModels\SettingsViewModel.cs(91,16): warning CS8603: Possible null reference return. [C:\Users\quint\Github Hauwei\QMUSICSLSK\SLSKDONET.csproj]
C:\Users\quint\Github Hauwei\QMUSICSLSK\Services\SoulseekAdapter.cs(60,78): warning CS8604: Possible null reference argument for parameter 'Username' in 'SoulseekConnectionStatusEvent.SoulseekConnectionStatusEvent(string Status, string Username)'. [C:\Users\quint\Github Hauwei\QMUSICSLSK\SLSKDONET.csproj]
C:\Users\quint\Github Hauwei\QMUSICSLSK\ViewModels\SearchResult.cs(17,29): warning CS8603: Possible null reference return. [C:\Users\quint\Github Hauwei\QMUSICSLSK\SLSKDONET.csproj]
C:\Users\quint\Github Hauwei\QMUSICSLSK\ViewModels\SearchResult.cs(18,28): warning CS8603: Possible null reference return. [C:\Users\quint\Github Hauwei\QMUSICSLSK\SLSKDONET.csproj]
C:\Users\quint\Github Hauwei\QMUSICSLSK\ViewModels\SearchResult.cs(19,28): warning CS8603: Possible null reference return. [C:\Users\quint\Github Hauwei\QMUSICSLSK\SLSKDONET.csproj]
C:\Users\quint\Github Hauwei\QMUSICSLSK\ViewModels\SearchResult.cs(22,31): warning CS8603: Possible null reference return. [C:\Users\quint\Github Hauwei\QMUSICSLSK\SLSKDONET.csproj]
C:\Users\quint\Github Hauwei\QMUSICSLSK\ViewModels\Library\ProjectListViewModel.cs(219,30): warning CS8601: Possible null reference assignment. [C:\Users\quint\Github Hauwei\QMUSICSLSK\SLSKDONET.csproj]
C:\Users\quint\Github Hauwei\QMUSICSLSK\ViewModels\Library\ProjectListViewModel.cs(220,29): warning CS8601: Possible null reference assignment. [C:\Users\quint\Github Hauwei\QMUSICSLSK\SLSKDONET.csproj]
C:\Users\quint\Github Hauwei\QMUSICSLSK\ViewModels\Library\ProjectListViewModel.cs(221,29): warning CS8601: Possible null reference assignment. [C:\Users\quint\Github Hauwei\QMUSICSLSK\SLSKDONET.csproj]
C:\Users\quint\Github Hauwei\QMUSICSLSK\Services\DatabaseService.cs(209,49): warning EF1002: Method 'ExecuteSqlRawAsync' inserts interpolated strings directly into the SQL, without any protection against SQL injection. Consider using 'ExecuteSqlAsync' instead, which protects against SQL injection, or make sure that the value is sanitized and suppress the warning. [C:\Users\quint\Github Hauwei\QMUSICSLSK\SLSKDONET.csproj]
C:\Users\quint\Github Hauwei\QMUSICSLSK\Services\DatabaseService.cs(246,49): warning EF1002: Method 'ExecuteSqlRawAsync' inserts interpolated strings directly into the SQL, without any protection against SQL injection. Consider using 'ExecuteSqlAsync' instead, which protects against SQL injection, or make sure that the value is sanitized and suppress the warning. [C:\Users\quint\Github Hauwei\QMUSICSLSK\SLSKDONET.csproj]
C:\Users\quint\Github Hauwei\QMUSICSLSK\Views\MainViewModel.cs(250,27): error CS0246: The type or namespace name 'TrackUpdatedEvent' could not be found (are you missing a using directive or an assembly reference?) [C:\Users\quint\Github Hauwei\QMUSICSLSK\SLSKDONET.csproj]
C:\Users\quint\Github Hauwei\QMUSICSLSK\Views\MainViewModel.cs(250,65): error CS0103: The name 'OnTrackUpdated' does not exist in the current context [C:\Users\quint\Github Hauwei\QMUSICSLSK\SLSKDONET.csproj]
C:\Users\quint\Github Hauwei\QMUSICSLSK\Views\MainViewModel.cs(251,27): error CS0246: The type or namespace name 'SoulseekStateChangedEvent' could not be found (are you missing a using directive or an assembly reference?) [C:\Users\quint\Github Hauwei\QMUSICSLSK\SLSKDONET.csproj]
C:\Users\quint\Github Hauwei\QMUSICSLSK\Views\MainViewModel.cs(251,73): error CS0103: The name 'HandleStateChange' does not exist in the current context [C:\Users\quint\Github Hauwei\QMUSICSLSK\SLSKDONET.csproj]
C:\Users\quint\Github Hauwei\QMUSICSLSK\Views\MainViewModel.cs(253,9): error CS0103: The name '_downloadManager' does not exist in the current context [C:\Users\quint\Github Hauwei\QMUSICSLSK\SLSKDONET.csproj]
C:\Users\quint\Github Hauwei\QMUSICSLSK\ViewModels\SearchViewModel.cs(156,32): error CS0103: The name '_searchOrchestration' does not exist in the current context [C:\Users\quint\Github Hauwei\QMUSICSLSK\SLSKDONET.csproj]
C:\Users\quint\Github Hauwei\QMUSICSLSK\ViewModels\SearchViewModel.cs(158,17): error CS0103: The name 'PreferredFormats' does not exist in the current context [C:\Users\quint\Github Hauwei\QMUSICSLSK\SLSKDONET.csproj]
C:\Users\quint\Github Hauwei\QMUSICSLSK\ViewModels\ConnectionViewModel.cs(106,19): error CS1061: 'SoulseekAdapter' does not contain a definition for 'EventBus' and no accessible extension method 'EventBus' accepting a first argument of type 'SoulseekAdapter' could be found (are you missing a using directive or an assembly reference?) [C:\Users\quint\Github Hauwei\QMUSICSLSK\SLSKDONET.csproj]
C:\Users\quint\Github Hauwei\QMUSICSLSK\ViewModels\Library\ProjectListViewModel.cs(123,25): error CS1061: 'ILibraryService' does not contain a definition for 'PlaylistAdded' and no accessible extension method 'PlaylistAdded' accepting a first argument of type 'ILibraryService' could be found (are you missing a using directive or an assembly reference?) [C:\Users\quint\Github Hauwei\QMUSICSLSK\SLSKDONET.csproj]
C:\Users\quint\Github Hauwei\QMUSICSLSK\ViewModels\Library\ProjectListViewModel.cs(124,26): error CS1061: 'DownloadManager' does not contain a definition for 'ProjectUpdated' and no accessible extension method 'ProjectUpdated' accepting a first argument of type 'DownloadManager' could be found (are you missing a using directive or an assembly reference?) [C:\Users\quint\Github Hauwei\QMUSICSLSK\SLSKDONET.csproj]
C:\Users\quint\Github Hauwei\QMUSICSLSK\ViewModels\Library\ProjectListViewModel.cs(125,25): error CS1061: 'ILibraryService' does not contain a definition for 'ProjectDeleted' and no accessible extension method 'ProjectDeleted' accepting a first argument of type 'ILibraryService' could be found (are you missing a using directive or an assembly reference?) [C:\Users\quint\Github Hauwei\QMUSICSLSK\SLSKDONET.csproj]
C:\Users\quint\Github Hauwei\QMUSICSLSK\ViewModels\Library\TrackListViewModel.cs(129,26): error CS1061: 'DownloadManager' does not contain a definition for 'TrackUpdated' and no accessible extension method 'TrackUpdated' accepting a first argument of type 'DownloadManager' could be found (are you missing a using directive or an assembly reference?) [C:\Users\quint\Github Hauwei\QMUSICSLSK\SLSKDONET.csproj]
C:\Users\quint\Github Hauwei\QMUSICSLSK\Services\LibraryService.cs(176,13): error CS0103: The name 'PlaylistAdded' does not exist in the current context [C:\Users\quint\Github Hauwei\QMUSICSLSK\SLSKDONET.csproj]
C:\Users\quint\Github Hauwei\QMUSICSLSK\Services\LibraryService.cs(193,13): error CS0103: The name 'PlaylistAdded' does not exist in the current context [C:\Users\quint\Github Hauwei\QMUSICSLSK\SLSKDONET.csproj]
C:\Users\quint\Github Hauwei\QMUSICSLSK\Services\LibraryService.cs(212,13): error CS0103: The name 'Dispatcher' does not exist in the current context [C:\Users\quint\Github Hauwei\QMUSICSLSK\SLSKDONET.csproj]
    14 Warning(s)
    15 Error(s)

Time Elapsed 00:00:03.57
