  Determining projects to restore...
  All projects are up-to-date for restore.
  Avalonia.Controls.TreeDataGrid -> C:\Users\quint\OneDrive\Documenten\GitHub\QMUSICSLSK\External\TreeDataGrid\src\Avalonia.Controls.TreeDataGrid\bin\Debug\net9.0\Avalonia.Controls.TreeDataGrid.dll
C:\Users\quint\OneDrive\Documenten\GitHub\QMUSICSLSK\ViewModels\Discovery\DiscoveryHubViewModel.cs(148,26): warning CS8601: Possible null reference assignment. [C:\Users\quint\OneDrive\Documenten\GitHub\QMUSICSLSK\SLSKDONET.csproj]
C:\Users\quint\OneDrive\Documenten\GitHub\QMUSICSLSK\ViewModels\Discovery\DiscoveryHubViewModel.cs(149,25): warning CS8601: Possible null reference assignment. [C:\Users\quint\OneDrive\Documenten\GitHub\QMUSICSLSK\SLSKDONET.csproj]
C:\Users\quint\OneDrive\Documenten\GitHub\QMUSICSLSK\Services\Analysis\SetlistStressTestService.cs(661,38): warning CS8601: Possible null reference assignment. [C:\Users\quint\OneDrive\Documenten\GitHub\QMUSICSLSK\SLSKDONET.csproj]
C:\Users\quint\OneDrive\Documenten\GitHub\QMUSICSLSK\ViewModels\ForensicUnifiedViewModel.cs(219,63): warning CS8604: Possible null reference argument for parameter 'item' in 'int Collection<PlaylistTrackViewModel>.IndexOf(PlaylistTrackViewModel item)'. [C:\Users\quint\OneDrive\Documenten\GitHub\QMUSICSLSK\SLSKDONET.csproj]
C:\Users\quint\OneDrive\Documenten\GitHub\QMUSICSLSK\ViewModels\HomeViewModel.cs(499,17): warning CS0219: The variable 'targetEnergy' is assigned but its value is never used [C:\Users\quint\OneDrive\Documenten\GitHub\QMUSICSLSK\SLSKDONET.csproj]
C:\Users\quint\OneDrive\Documenten\GitHub\QMUSICSLSK\ViewModels\HomeViewModel.cs(500,17): warning CS0219: The variable 'targetValence' is assigned but its value is never used [C:\Users\quint\OneDrive\Documenten\GitHub\QMUSICSLSK\SLSKDONET.csproj]
C:\Users\quint\OneDrive\Documenten\GitHub\QMUSICSLSK\ViewModels\ForensicUnifiedViewModel.cs(464,65): warning CS8602: Dereference of a possibly null reference. [C:\Users\quint\OneDrive\Documenten\GitHub\QMUSICSLSK\SLSKDONET.csproj]
C:\Users\quint\OneDrive\Documenten\GitHub\QMUSICSLSK\ViewModels\ForensicUnifiedViewModel.cs(481,63): warning CS8604: Possible null reference argument for parameter 'item' in 'int Collection<PlaylistTrackViewModel>.IndexOf(PlaylistTrackViewModel item)'. [C:\Users\quint\OneDrive\Documenten\GitHub\QMUSICSLSK\SLSKDONET.csproj]
C:\Users\quint\OneDrive\Documenten\GitHub\QMUSICSLSK\Services\Testing\MockLibraryGenerator.cs(81,30): error CS0234: The type or namespace name 'TrackStatus' does not exist in the namespace 'SLSKDONET.Services.Models' (are you missing an assembly reference?) [C:\Users\quint\OneDrive\Documenten\GitHub\QMUSICSLSK\SLSKDONET.csproj]
C:\Users\quint\OneDrive\Documenten\GitHub\QMUSICSLSK\Services\Testing\MockLibraryGenerator.cs(116,21): error CS0117: 'AudioFeaturesEntity' does not contain a definition for 'VibeEnergy' [C:\Users\quint\OneDrive\Documenten\GitHub\QMUSICSLSK\SLSKDONET.csproj]
C:\Users\quint\OneDrive\Documenten\GitHub\QMUSICSLSK\Services\Testing\MockLibraryGenerator.cs(117,21): error CS0117: 'AudioFeaturesEntity' does not contain a definition for 'VibeDance' [C:\Users\quint\OneDrive\Documenten\GitHub\QMUSICSLSK\SLSKDONET.csproj]
C:\Users\quint\OneDrive\Documenten\GitHub\QMUSICSLSK\Services\Testing\MockLibraryGenerator.cs(118,21): error CS0117: 'AudioFeaturesEntity' does not contain a definition for 'VibeHappy' [C:\Users\quint\OneDrive\Documenten\GitHub\QMUSICSLSK\SLSKDONET.csproj]
C:\Users\quint\OneDrive\Documenten\GitHub\QMUSICSLSK\Services\Testing\MockLibraryGenerator.cs(119,21): error CS0117: 'AudioFeaturesEntity' does not contain a definition for 'VibeDark' [C:\Users\quint\OneDrive\Documenten\GitHub\QMUSICSLSK\SLSKDONET.csproj]
C:\Users\quint\OneDrive\Documenten\GitHub\QMUSICSLSK\Services\Testing\MockLibraryGenerator.cs(120,21): error CS0117: 'AudioFeaturesEntity' does not contain a definition for 'DetectedBpm' [C:\Users\quint\OneDrive\Documenten\GitHub\QMUSICSLSK\SLSKDONET.csproj]
C:\Users\quint\OneDrive\Documenten\GitHub\QMUSICSLSK\Services\Testing\MockLibraryGenerator.cs(121,21): error CS0117: 'AudioFeaturesEntity' does not contain a definition for 'DetectedKey' [C:\Users\quint\OneDrive\Documenten\GitHub\QMUSICSLSK\SLSKDONET.csproj]
C:\Users\quint\OneDrive\Documenten\GitHub\QMUSICSLSK\Services\CrashRecoveryService.cs(104,21): warning CS0162: Unreachable code detected [C:\Users\quint\OneDrive\Documenten\GitHub\QMUSICSLSK\SLSKDONET.csproj]
C:\Users\quint\OneDrive\Documenten\GitHub\QMUSICSLSK\Services\DownloadDiscoveryService.cs(77,26): warning CS0219: The variable 'bestResult' is assigned but its value is never used [C:\Users\quint\OneDrive\Documenten\GitHub\QMUSICSLSK\SLSKDONET.csproj]
C:\Users\quint\OneDrive\Documenten\GitHub\QMUSICSLSK\ViewModels\TrackInspectorViewModel.cs(1036,54): warning CS8602: Dereference of a possibly null reference. [C:\Users\quint\OneDrive\Documenten\GitHub\QMUSICSLSK\SLSKDONET.csproj]
C:\Users\quint\OneDrive\Documenten\GitHub\QMUSICSLSK\Services\Export\PathNormalizer.cs(31,34): warning SYSLIB0013: 'Uri.EscapeUriString(string)' is obsolete: 'Uri.EscapeUriString can corrupt the Uri string in some cases. Consider using Uri.EscapeDataString for query string components instead.' (https://aka.ms/dotnet-warnings/SYSLIB0013) [C:\Users\quint\OneDrive\Documenten\GitHub\QMUSICSLSK\SLSKDONET.csproj]
C:\Users\quint\OneDrive\Documenten\GitHub\QMUSICSLSK\Services\Export\PathNormalizer.cs(37,34): warning SYSLIB0013: 'Uri.EscapeUriString(string)' is obsolete: 'Uri.EscapeUriString can corrupt the Uri string in some cases. Consider using Uri.EscapeDataString for query string components instead.' (https://aka.ms/dotnet-warnings/SYSLIB0013) [C:\Users\quint\OneDrive\Documenten\GitHub\QMUSICSLSK\SLSKDONET.csproj]
C:\Users\quint\OneDrive\Documenten\GitHub\QMUSICSLSK\ViewModels\LibraryViewModel.Commands.cs(147,23): warning CS4014: Because this call is not awaited, execution of the current method continues before the call is completed. Consider applying the 'await' operator to the result of the call. [C:\Users\quint\OneDrive\Documenten\GitHub\QMUSICSLSK\SLSKDONET.csproj]
C:\Users\quint\OneDrive\Documenten\GitHub\QMUSICSLSK\ViewModels\LibraryViewModel.Commands.cs(156,28): warning CS4014: Because this call is not awaited, execution of the current method continues before the call is completed. Consider applying the 'await' operator to the result of the call. [C:\Users\quint\OneDrive\Documenten\GitHub\QMUSICSLSK\SLSKDONET.csproj]
C:\Users\quint\OneDrive\Documenten\GitHub\QMUSICSLSK\ViewModels\Library\TrackListViewModel.cs(400,12): warning CS8618: Non-nullable property 'SeparateStemsCommand' must contain a non-null value when exiting constructor. Consider adding the 'required' modifier or declaring the property as nullable. [C:\Users\quint\OneDrive\Documenten\GitHub\QMUSICSLSK\SLSKDONET.csproj]
C:\Users\quint\OneDrive\Documenten\GitHub\QMUSICSLSK\Services\Import\AutoCleanerService.cs(39,98): warning CS8604: Possible null reference argument for parameter 'artist' in '(string NormalizedArtist, string NormalizedTitle) SearchNormalizationService.NormalizeForSoulseek(string artist, string title)'. [C:\Users\quint\OneDrive\Documenten\GitHub\QMUSICSLSK\SLSKDONET.csproj]
C:\Users\quint\OneDrive\Documenten\GitHub\QMUSICSLSK\Services\Import\AutoCleanerService.cs(39,112): warning CS8604: Possible null reference argument for parameter 'title' in '(string NormalizedArtist, string NormalizedTitle) SearchNormalizationService.NormalizeForSoulseek(string artist, string title)'. [C:\Users\quint\OneDrive\Documenten\GitHub\QMUSICSLSK\SLSKDONET.csproj]
C:\Users\quint\OneDrive\Documenten\GitHub\QMUSICSLSK\ViewModels\SearchViewModel.cs(853,46): warning CS8602: Dereference of a possibly null reference. [C:\Users\quint\OneDrive\Documenten\GitHub\QMUSICSLSK\SLSKDONET.csproj]
C:\Users\quint\OneDrive\Documenten\GitHub\QMUSICSLSK\ViewModels\SearchViewModel.cs(853,74): warning CS8602: Dereference of a possibly null reference. [C:\Users\quint\OneDrive\Documenten\GitHub\QMUSICSLSK\SLSKDONET.csproj]
C:\Users\quint\OneDrive\Documenten\GitHub\QMUSICSLSK\ViewModels\SearchViewModel.cs(854,47): warning CS8602: Dereference of a possibly null reference. [C:\Users\quint\OneDrive\Documenten\GitHub\QMUSICSLSK\SLSKDONET.csproj]
C:\Users\quint\OneDrive\Documenten\GitHub\QMUSICSLSK\ViewModels\SearchViewModel.cs(854,75): warning CS8602: Dereference of a possibly null reference. [C:\Users\quint\OneDrive\Documenten\GitHub\QMUSICSLSK\SLSKDONET.csproj]
C:\Users\quint\OneDrive\Documenten\GitHub\QMUSICSLSK\Services\Export\RekordboxExportService.cs(254,17): warning CS0219: The variable 'harmonicChanges' is assigned but its value is never used [C:\Users\quint\OneDrive\Documenten\GitHub\QMUSICSLSK\SLSKDONET.csproj]
C:\Users\quint\OneDrive\Documenten\GitHub\QMUSICSLSK\Services\SpotifyEnrichmentService.cs(400,20): warning CS8600: Converting null literal or possible null value to non-nullable type. [C:\Users\quint\OneDrive\Documenten\GitHub\QMUSICSLSK\SLSKDONET.csproj]
C:\Users\quint\OneDrive\Documenten\GitHub\QMUSICSLSK\Services\SpotifyEnrichmentService.cs(400,20): warning CS8603: Possible null reference return. [C:\Users\quint\OneDrive\Documenten\GitHub\QMUSICSLSK\SLSKDONET.csproj]
C:\Users\quint\OneDrive\Documenten\GitHub\QMUSICSLSK\Services\Repositories\TrackRepository.cs(924,62): warning CS8602: Dereference of a possibly null reference. [C:\Users\quint\OneDrive\Documenten\GitHub\QMUSICSLSK\SLSKDONET.csproj]
C:\Users\quint\OneDrive\Documenten\GitHub\QMUSICSLSK\Services\Repositories\TrackRepository.cs(925,33): warning CS8602: Dereference of a possibly null reference. [C:\Users\quint\OneDrive\Documenten\GitHub\QMUSICSLSK\SLSKDONET.csproj]
C:\Users\quint\OneDrive\Documenten\GitHub\QMUSICSLSK\Services\Repositories\TrackRepository.cs(926,36): warning CS8602: Dereference of a possibly null reference. [C:\Users\quint\OneDrive\Documenten\GitHub\QMUSICSLSK\SLSKDONET.csproj]
C:\Users\quint\OneDrive\Documenten\GitHub\QMUSICSLSK\Services\Repositories\TrackRepository.cs(927,42): warning CS8602: Dereference of a possibly null reference. [C:\Users\quint\OneDrive\Documenten\GitHub\QMUSICSLSK\SLSKDONET.csproj]
C:\Users\quint\OneDrive\Documenten\GitHub\QMUSICSLSK\Services\Repositories\TrackRepository.cs(928,37): warning CS8602: Dereference of a possibly null reference. [C:\Users\quint\OneDrive\Documenten\GitHub\QMUSICSLSK\SLSKDONET.csproj]
C:\Users\quint\OneDrive\Documenten\GitHub\QMUSICSLSK\Services\Repositories\TrackRepository.cs(929,59): warning CS8602: Dereference of a possibly null reference. [C:\Users\quint\OneDrive\Documenten\GitHub\QMUSICSLSK\SLSKDONET.csproj]
C:\Users\quint\OneDrive\Documenten\GitHub\QMUSICSLSK\ViewModels\PlaylistTrackViewModel.cs(701,18): warning CS0169: The field 'PlaylistTrackViewModel._isLiked' is never used [C:\Users\quint\OneDrive\Documenten\GitHub\QMUSICSLSK\SLSKDONET.csproj]

Build FAILED.

C:\Users\quint\OneDrive\Documenten\GitHub\QMUSICSLSK\ViewModels\Discovery\DiscoveryHubViewModel.cs(148,26): warning CS8601: Possible null reference assignment. [C:\Users\quint\OneDrive\Documenten\GitHub\QMUSICSLSK\SLSKDONET.csproj]
C:\Users\quint\OneDrive\Documenten\GitHub\QMUSICSLSK\ViewModels\Discovery\DiscoveryHubViewModel.cs(149,25): warning CS8601: Possible null reference assignment. [C:\Users\quint\OneDrive\Documenten\GitHub\QMUSICSLSK\SLSKDONET.csproj]
C:\Users\quint\OneDrive\Documenten\GitHub\QMUSICSLSK\Services\Analysis\SetlistStressTestService.cs(661,38): warning CS8601: Possible null reference assignment. [C:\Users\quint\OneDrive\Documenten\GitHub\QMUSICSLSK\SLSKDONET.csproj]
C:\Users\quint\OneDrive\Documenten\GitHub\QMUSICSLSK\ViewModels\ForensicUnifiedViewModel.cs(219,63): warning CS8604: Possible null reference argument for parameter 'item' in 'int Collection<PlaylistTrackViewModel>.IndexOf(PlaylistTrackViewModel item)'. [C:\Users\quint\OneDrive\Documenten\GitHub\QMUSICSLSK\SLSKDONET.csproj]
C:\Users\quint\OneDrive\Documenten\GitHub\QMUSICSLSK\ViewModels\HomeViewModel.cs(499,17): warning CS0219: The variable 'targetEnergy' is assigned but its value is never used [C:\Users\quint\OneDrive\Documenten\GitHub\QMUSICSLSK\SLSKDONET.csproj]
C:\Users\quint\OneDrive\Documenten\GitHub\QMUSICSLSK\ViewModels\HomeViewModel.cs(500,17): warning CS0219: The variable 'targetValence' is assigned but its value is never used [C:\Users\quint\OneDrive\Documenten\GitHub\QMUSICSLSK\SLSKDONET.csproj]
C:\Users\quint\OneDrive\Documenten\GitHub\QMUSICSLSK\ViewModels\ForensicUnifiedViewModel.cs(464,65): warning CS8602: Dereference of a possibly null reference. [C:\Users\quint\OneDrive\Documenten\GitHub\QMUSICSLSK\SLSKDONET.csproj]
C:\Users\quint\OneDrive\Documenten\GitHub\QMUSICSLSK\ViewModels\ForensicUnifiedViewModel.cs(481,63): warning CS8604: Possible null reference argument for parameter 'item' in 'int Collection<PlaylistTrackViewModel>.IndexOf(PlaylistTrackViewModel item)'. [C:\Users\quint\OneDrive\Documenten\GitHub\QMUSICSLSK\SLSKDONET.csproj]
C:\Users\quint\OneDrive\Documenten\GitHub\QMUSICSLSK\Services\CrashRecoveryService.cs(104,21): warning CS0162: Unreachable code detected [C:\Users\quint\OneDrive\Documenten\GitHub\QMUSICSLSK\SLSKDONET.csproj]
C:\Users\quint\OneDrive\Documenten\GitHub\QMUSICSLSK\Services\DownloadDiscoveryService.cs(77,26): warning CS0219: The variable 'bestResult' is assigned but its value is never used [C:\Users\quint\OneDrive\Documenten\GitHub\QMUSICSLSK\SLSKDONET.csproj]
C:\Users\quint\OneDrive\Documenten\GitHub\QMUSICSLSK\ViewModels\TrackInspectorViewModel.cs(1036,54): warning CS8602: Dereference of a possibly null reference. [C:\Users\quint\OneDrive\Documenten\GitHub\QMUSICSLSK\SLSKDONET.csproj]
C:\Users\quint\OneDrive\Documenten\GitHub\QMUSICSLSK\Services\Export\PathNormalizer.cs(31,34): warning SYSLIB0013: 'Uri.EscapeUriString(string)' is obsolete: 'Uri.EscapeUriString can corrupt the Uri string in some cases. Consider using Uri.EscapeDataString for query string components instead.' (https://aka.ms/dotnet-warnings/SYSLIB0013) [C:\Users\quint\OneDrive\Documenten\GitHub\QMUSICSLSK\SLSKDONET.csproj]
C:\Users\quint\OneDrive\Documenten\GitHub\QMUSICSLSK\Services\Export\PathNormalizer.cs(37,34): warning SYSLIB0013: 'Uri.EscapeUriString(string)' is obsolete: 'Uri.EscapeUriString can corrupt the Uri string in some cases. Consider using Uri.EscapeDataString for query string components instead.' (https://aka.ms/dotnet-warnings/SYSLIB0013) [C:\Users\quint\OneDrive\Documenten\GitHub\QMUSICSLSK\SLSKDONET.csproj]
C:\Users\quint\OneDrive\Documenten\GitHub\QMUSICSLSK\ViewModels\LibraryViewModel.Commands.cs(147,23): warning CS4014: Because this call is not awaited, execution of the current method continues before the call is completed. Consider applying the 'await' operator to the result of the call. [C:\Users\quint\OneDrive\Documenten\GitHub\QMUSICSLSK\SLSKDONET.csproj]
C:\Users\quint\OneDrive\Documenten\GitHub\QMUSICSLSK\ViewModels\LibraryViewModel.Commands.cs(156,28): warning CS4014: Because this call is not awaited, execution of the current method continues before the call is completed. Consider applying the 'await' operator to the result of the call. [C:\Users\quint\OneDrive\Documenten\GitHub\QMUSICSLSK\SLSKDONET.csproj]
C:\Users\quint\OneDrive\Documenten\GitHub\QMUSICSLSK\ViewModels\Library\TrackListViewModel.cs(400,12): warning CS8618: Non-nullable property 'SeparateStemsCommand' must contain a non-null value when exiting constructor. Consider adding the 'required' modifier or declaring the property as nullable. [C:\Users\quint\OneDrive\Documenten\GitHub\QMUSICSLSK\SLSKDONET.csproj]
C:\Users\quint\OneDrive\Documenten\GitHub\QMUSICSLSK\Services\Import\AutoCleanerService.cs(39,98): warning CS8604: Possible null reference argument for parameter 'artist' in '(string NormalizedArtist, string NormalizedTitle) SearchNormalizationService.NormalizeForSoulseek(string artist, string title)'. [C:\Users\quint\OneDrive\Documenten\GitHub\QMUSICSLSK\SLSKDONET.csproj]
C:\Users\quint\OneDrive\Documenten\GitHub\QMUSICSLSK\Services\Import\AutoCleanerService.cs(39,112): warning CS8604: Possible null reference argument for parameter 'title' in '(string NormalizedArtist, string NormalizedTitle) SearchNormalizationService.NormalizeForSoulseek(string artist, string title)'. [C:\Users\quint\OneDrive\Documenten\GitHub\QMUSICSLSK\SLSKDONET.csproj]
C:\Users\quint\OneDrive\Documenten\GitHub\QMUSICSLSK\ViewModels\SearchViewModel.cs(853,46): warning CS8602: Dereference of a possibly null reference. [C:\Users\quint\OneDrive\Documenten\GitHub\QMUSICSLSK\SLSKDONET.csproj]
C:\Users\quint\OneDrive\Documenten\GitHub\QMUSICSLSK\ViewModels\SearchViewModel.cs(853,74): warning CS8602: Dereference of a possibly null reference. [C:\Users\quint\OneDrive\Documenten\GitHub\QMUSICSLSK\SLSKDONET.csproj]
C:\Users\quint\OneDrive\Documenten\GitHub\QMUSICSLSK\ViewModels\SearchViewModel.cs(854,47): warning CS8602: Dereference of a possibly null reference. [C:\Users\quint\OneDrive\Documenten\GitHub\QMUSICSLSK\SLSKDONET.csproj]
C:\Users\quint\OneDrive\Documenten\GitHub\QMUSICSLSK\ViewModels\SearchViewModel.cs(854,75): warning CS8602: Dereference of a possibly null reference. [C:\Users\quint\OneDrive\Documenten\GitHub\QMUSICSLSK\SLSKDONET.csproj]
C:\Users\quint\OneDrive\Documenten\GitHub\QMUSICSLSK\Services\Export\RekordboxExportService.cs(254,17): warning CS0219: The variable 'harmonicChanges' is assigned but its value is never used [C:\Users\quint\OneDrive\Documenten\GitHub\QMUSICSLSK\SLSKDONET.csproj]
C:\Users\quint\OneDrive\Documenten\GitHub\QMUSICSLSK\Services\SpotifyEnrichmentService.cs(400,20): warning CS8600: Converting null literal or possible null value to non-nullable type. [C:\Users\quint\OneDrive\Documenten\GitHub\QMUSICSLSK\SLSKDONET.csproj]
C:\Users\quint\OneDrive\Documenten\GitHub\QMUSICSLSK\Services\SpotifyEnrichmentService.cs(400,20): warning CS8603: Possible null reference return. [C:\Users\quint\OneDrive\Documenten\GitHub\QMUSICSLSK\SLSKDONET.csproj]
C:\Users\quint\OneDrive\Documenten\GitHub\QMUSICSLSK\Services\Repositories\TrackRepository.cs(924,62): warning CS8602: Dereference of a possibly null reference. [C:\Users\quint\OneDrive\Documenten\GitHub\QMUSICSLSK\SLSKDONET.csproj]
C:\Users\quint\OneDrive\Documenten\GitHub\QMUSICSLSK\Services\Repositories\TrackRepository.cs(925,33): warning CS8602: Dereference of a possibly null reference. [C:\Users\quint\OneDrive\Documenten\GitHub\QMUSICSLSK\SLSKDONET.csproj]
C:\Users\quint\OneDrive\Documenten\GitHub\QMUSICSLSK\Services\Repositories\TrackRepository.cs(926,36): warning CS8602: Dereference of a possibly null reference. [C:\Users\quint\OneDrive\Documenten\GitHub\QMUSICSLSK\SLSKDONET.csproj]
C:\Users\quint\OneDrive\Documenten\GitHub\QMUSICSLSK\Services\Repositories\TrackRepository.cs(927,42): warning CS8602: Dereference of a possibly null reference. [C:\Users\quint\OneDrive\Documenten\GitHub\QMUSICSLSK\SLSKDONET.csproj]
C:\Users\quint\OneDrive\Documenten\GitHub\QMUSICSLSK\Services\Repositories\TrackRepository.cs(928,37): warning CS8602: Dereference of a possibly null reference. [C:\Users\quint\OneDrive\Documenten\GitHub\QMUSICSLSK\SLSKDONET.csproj]
C:\Users\quint\OneDrive\Documenten\GitHub\QMUSICSLSK\Services\Repositories\TrackRepository.cs(929,59): warning CS8602: Dereference of a possibly null reference. [C:\Users\quint\OneDrive\Documenten\GitHub\QMUSICSLSK\SLSKDONET.csproj]
C:\Users\quint\OneDrive\Documenten\GitHub\QMUSICSLSK\ViewModels\PlaylistTrackViewModel.cs(701,18): warning CS0169: The field 'PlaylistTrackViewModel._isLiked' is never used [C:\Users\quint\OneDrive\Documenten\GitHub\QMUSICSLSK\SLSKDONET.csproj]
C:\Users\quint\OneDrive\Documenten\GitHub\QMUSICSLSK\Services\Testing\MockLibraryGenerator.cs(81,30): error CS0234: The type or namespace name 'TrackStatus' does not exist in the namespace 'SLSKDONET.Services.Models' (are you missing an assembly reference?) [C:\Users\quint\OneDrive\Documenten\GitHub\QMUSICSLSK\SLSKDONET.csproj]
C:\Users\quint\OneDrive\Documenten\GitHub\QMUSICSLSK\Services\Testing\MockLibraryGenerator.cs(116,21): error CS0117: 'AudioFeaturesEntity' does not contain a definition for 'VibeEnergy' [C:\Users\quint\OneDrive\Documenten\GitHub\QMUSICSLSK\SLSKDONET.csproj]
C:\Users\quint\OneDrive\Documenten\GitHub\QMUSICSLSK\Services\Testing\MockLibraryGenerator.cs(117,21): error CS0117: 'AudioFeaturesEntity' does not contain a definition for 'VibeDance' [C:\Users\quint\OneDrive\Documenten\GitHub\QMUSICSLSK\SLSKDONET.csproj]
C:\Users\quint\OneDrive\Documenten\GitHub\QMUSICSLSK\Services\Testing\MockLibraryGenerator.cs(118,21): error CS0117: 'AudioFeaturesEntity' does not contain a definition for 'VibeHappy' [C:\Users\quint\OneDrive\Documenten\GitHub\QMUSICSLSK\SLSKDONET.csproj]
C:\Users\quint\OneDrive\Documenten\GitHub\QMUSICSLSK\Services\Testing\MockLibraryGenerator.cs(119,21): error CS0117: 'AudioFeaturesEntity' does not contain a definition for 'VibeDark' [C:\Users\quint\OneDrive\Documenten\GitHub\QMUSICSLSK\SLSKDONET.csproj]
C:\Users\quint\OneDrive\Documenten\GitHub\QMUSICSLSK\Services\Testing\MockLibraryGenerator.cs(120,21): error CS0117: 'AudioFeaturesEntity' does not contain a definition for 'DetectedBpm' [C:\Users\quint\OneDrive\Documenten\GitHub\QMUSICSLSK\SLSKDONET.csproj]
C:\Users\quint\OneDrive\Documenten\GitHub\QMUSICSLSK\Services\Testing\MockLibraryGenerator.cs(121,21): error CS0117: 'AudioFeaturesEntity' does not contain a definition for 'DetectedKey' [C:\Users\quint\OneDrive\Documenten\GitHub\QMUSICSLSK\SLSKDONET.csproj]
    32 Warning(s)
    7 Error(s)

Time Elapsed 00:00:04.19
